// Jest Snapshot v1, https://goo.gl/fbAQLP

exports[`Channels renders the page 1`] = `
<DocumentFragment>
  <mock-all-channels
    heading="Live Channels"
  />
</DocumentFragment>
`;
