// Jest Snapshot v1, https://goo.gl/fbAQLP

exports[`Categories renders the page 1`] = `
<DocumentFragment>
  <mock-all-categories
    heading="Categories"
  />
</DocumentFragment>
`;
