// Jest Snapshot v1, https://goo.gl/fbAQLP

exports[`LanguageMonitor renders nothing 1`] = `<DocumentFragment />`;
