// Jest Snapshot v1, https://goo.gl/fbAQLP

exports[`Category renders the page 1`] = `
<DocumentFragment>
  <mock-category-channels
    heading="Fortnite"
    name="Fortnite"
  />
</DocumentFragment>
`;
