// Jest Snapshot v1, https://goo.gl/fbAQLP

exports[`ChannelItemDetail when hovering with a category renders a hovered channel item detail 1`] = `
<div
  class="rn-alignItems-1oszu61 rn-borderTopStyle-1efd50x rn-borderRightStyle-14skgim rn-borderBottomStyle-rull8r rn-borderLeftStyle-mm0ijv rn-borderTopWidth-13yce4e rn-borderRightWidth-fnigne rn-borderBottomWidth-ndvcnb rn-borderLeftWidth-gxnn5r rn-boxSizing-deolkf rn-display-6koalj rn-flexShrink-1qe8dj5 rn-flexBasis-1mlwlqe rn-flexDirection-eqz5dr rn-marginTop-1mnahxq rn-marginRight-61z16t rn-marginBottom-p1pxzi rn-marginLeft-11wrixw rn-minHeight-ifefl9 rn-minWidth-bcqeeo rn-position-bnwqim rn-zIndex-1lgpqti"
  data-testid="channel-item-detail"
  style="padding: 5px 10px 5px 10px; width: 400px;"
>
  <div
    class="rn-borderTopWidth-13yce4e rn-borderRightWidth-fnigne rn-borderBottomWidth-ndvcnb rn-borderLeftWidth-gxnn5r rn-boxSizing-deolkf rn-display-1471scf rn-fontStyle-o11vmf rn-fontVariant-ebii48 rn-fontWeight-vw2c0b rn-marginTop-1mnahxq rn-marginRight-61z16t rn-marginBottom-p1pxzi rn-marginLeft-11wrixw rn-maxWidth-dnmrzs rn-overflowX-11yh6sk rn-overflowY-buy8e9 rn-paddingTop-wk8lta rn-paddingRight-9aemit rn-paddingBottom-1mdbw0j rn-paddingLeft-gy4na3 rn-textDecoration-bauka4 rn-textOverflow-1udbk01 rn-whiteSpace-3s2u2q rn-wordWrap-qvutc0"
    dir="auto"
    style="color: rgb(250, 249, 250); font-family: system-ui, -apple-system, BlinkMacSystemFont, 'Segoe UI', Roboto, Ubuntu, 'Helvetica Neue', sans-serif; font-size: 16px; line-height: 1.5;"
  >
    We Gaming &lt;3 
  </div>
  <div
    class="rn-alignItems-1oszu61 rn-borderTopStyle-1efd50x rn-borderRightStyle-14skgim rn-borderBottomStyle-rull8r rn-borderLeftStyle-mm0ijv rn-borderTopWidth-13yce4e rn-borderRightWidth-fnigne rn-borderBottomWidth-ndvcnb rn-borderLeftWidth-gxnn5r rn-boxSizing-deolkf rn-display-6koalj rn-flexShrink-1qe8dj5 rn-flexBasis-1mlwlqe rn-flexDirection-18u37iz rn-marginTop-1mnahxq rn-marginRight-61z16t rn-marginBottom-p1pxzi rn-marginLeft-11wrixw rn-minHeight-ifefl9 rn-minWidth-bcqeeo rn-paddingTop-wk8lta rn-paddingRight-9aemit rn-paddingBottom-1mdbw0j rn-paddingLeft-gy4na3 rn-position-bnwqim rn-zIndex-1lgpqti"
  >
    <div
      class="rn-alignItems-1oszu61 rn-borderTopStyle-1efd50x rn-borderRightStyle-14skgim rn-borderBottomStyle-rull8r rn-borderLeftStyle-mm0ijv rn-borderTopWidth-13yce4e rn-borderRightWidth-fnigne rn-borderBottomWidth-ndvcnb rn-borderLeftWidth-gxnn5r rn-boxSizing-deolkf rn-flexBasis-1mlwlqe rn-flexDirection-eqz5dr rn-marginTop-1mnahxq rn-marginRight-61z16t rn-marginBottom-p1pxzi rn-marginLeft-11wrixw rn-minHeight-ifefl9 rn-minWidth-bcqeeo rn-overflowX-11yh6sk rn-overflowY-buy8e9 rn-paddingTop-wk8lta rn-paddingRight-9aemit rn-paddingBottom-1mdbw0j rn-paddingLeft-gy4na3 rn-position-bnwqim rn-zIndex-1lgpqti"
      data-testid="channel-item-detail-broadcaster"
      style="display: block; height: 38px; width: 38px;"
    >
      <div
        class="rn-alignItems-1oszu61 rn-backgroundColor-1niwhzg rn-backgroundPosition-vvn4in rn-backgroundRepeat-u6sd8q rn-backgroundSize-4gszlv rn-borderTopStyle-1efd50x rn-borderRightStyle-14skgim rn-borderBottomStyle-rull8r rn-borderLeftStyle-mm0ijv rn-borderTopWidth-13yce4e rn-borderRightWidth-fnigne rn-borderBottomWidth-ndvcnb rn-borderLeftWidth-gxnn5r rn-bottom-1p0dtai rn-boxSizing-deolkf rn-display-6koalj rn-flexShrink-1qe8dj5 rn-flexBasis-1mlwlqe rn-flexDirection-eqz5dr rn-height-1pi2tsx rn-left-1d2f490 rn-marginTop-1mnahxq rn-marginRight-61z16t rn-marginBottom-p1pxzi rn-marginLeft-11wrixw rn-minHeight-ifefl9 rn-minWidth-bcqeeo rn-paddingTop-wk8lta rn-paddingRight-9aemit rn-paddingBottom-1mdbw0j rn-paddingLeft-gy4na3 rn-position-u8s1d rn-right-zchlnj rn-top-ipm5af rn-width-13qz1uu rn-zIndex-1wyyakw"
        style="background-image: url(profiles/cef31105-8a6e-4211-a74b-2f0bbd9791fb-profile_image-150x150.png);"
      />
      <img
        alt=""
        class="rn-bottom-1p0dtai rn-height-1pi2tsx rn-left-1d2f490 rn-opacity-1272l3b rn-position-u8s1d rn-right-zchlnj rn-top-ipm5af rn-width-13qz1uu rn-zIndex-1wyyakw"
        draggable="false"
        src="profiles/cef31105-8a6e-4211-a74b-2f0bbd9791fb-profile_image-150x150.png"
      />
    </div>
    <div
      class="rn-alignItems-1oszu61 rn-borderTopStyle-1efd50x rn-borderRightStyle-14skgim rn-borderBottomStyle-rull8r rn-borderLeftStyle-mm0ijv rn-borderTopWidth-13yce4e rn-borderRightWidth-fnigne rn-borderBottomWidth-ndvcnb rn-borderLeftWidth-gxnn5r rn-boxSizing-deolkf rn-display-6koalj rn-flexGrow-16y2uox rn-flexShrink-1wbh5a2 rn-flexBasis-1ro0kt6 rn-flexDirection-eqz5dr rn-marginTop-1mnahxq rn-marginRight-61z16t rn-marginBottom-p1pxzi rn-minHeight-ifefl9 rn-minWidth-bcqeeo rn-paddingTop-wk8lta rn-paddingRight-9aemit rn-paddingBottom-1mdbw0j rn-paddingLeft-gy4na3 rn-position-bnwqim rn-zIndex-1lgpqti"
      style="margin-left: 5px;"
    >
      <div
        class="rn-borderTopWidth-13yce4e rn-borderRightWidth-fnigne rn-borderBottomWidth-ndvcnb rn-borderLeftWidth-gxnn5r rn-boxSizing-deolkf rn-display-1471scf rn-fontStyle-o11vmf rn-fontVariant-ebii48 rn-fontWeight-gul640 rn-marginTop-1mnahxq rn-marginRight-61z16t rn-marginBottom-p1pxzi rn-marginLeft-11wrixw rn-maxWidth-dnmrzs rn-overflowX-11yh6sk rn-overflowY-buy8e9 rn-paddingTop-wk8lta rn-paddingRight-9aemit rn-paddingBottom-1mdbw0j rn-paddingLeft-gy4na3 rn-textDecoration-bauka4 rn-textOverflow-1udbk01 rn-whiteSpace-3s2u2q rn-wordWrap-qvutc0"
        dir="auto"
        style="color: rgb(218, 216, 222); font-family: system-ui, -apple-system, BlinkMacSystemFont, 'Segoe UI', Roboto, Ubuntu, 'Helvetica Neue', sans-serif; font-size: 13px; line-height: 1.5;"
      >
        Ninja
      </div>
      <div
        class="rn-borderTopWidth-13yce4e rn-borderRightWidth-fnigne rn-borderBottomWidth-ndvcnb rn-borderLeftWidth-gxnn5r rn-boxSizing-deolkf rn-display-1471scf rn-fontStyle-o11vmf rn-fontVariant-ebii48 rn-fontWeight-gul640 rn-marginTop-1mnahxq rn-marginRight-61z16t rn-marginBottom-p1pxzi rn-marginLeft-11wrixw rn-maxWidth-dnmrzs rn-overflowX-11yh6sk rn-overflowY-buy8e9 rn-paddingTop-wk8lta rn-paddingRight-9aemit rn-paddingBottom-1mdbw0j rn-paddingLeft-gy4na3 rn-textDecoration-bauka4 rn-textOverflow-1udbk01 rn-whiteSpace-3s2u2q rn-wordWrap-qvutc0"
        dir="auto"
        style="color: rgb(218, 216, 222); font-family: system-ui, -apple-system, BlinkMacSystemFont, 'Segoe UI', Roboto, Ubuntu, 'Helvetica Neue', sans-serif; font-size: 13px; line-height: 1.5;"
      >
        Fortnite
      </div>
    </div>
  </div>
</div>
`;

exports[`ChannelItemDetail when hovering without a category renders a hovered channel item detail 1`] = `
<div
  class="rn-alignItems-1oszu61 rn-borderTopStyle-1efd50x rn-borderRightStyle-14skgim rn-borderBottomStyle-rull8r rn-borderLeftStyle-mm0ijv rn-borderTopWidth-13yce4e rn-borderRightWidth-fnigne rn-borderBottomWidth-ndvcnb rn-borderLeftWidth-gxnn5r rn-boxSizing-deolkf rn-display-6koalj rn-flexShrink-1qe8dj5 rn-flexBasis-1mlwlqe rn-flexDirection-eqz5dr rn-marginTop-1mnahxq rn-marginRight-61z16t rn-marginBottom-p1pxzi rn-marginLeft-11wrixw rn-minHeight-ifefl9 rn-minWidth-bcqeeo rn-position-bnwqim rn-zIndex-1lgpqti"
  data-testid="channel-item-detail"
  style="padding: 5px 10px 5px 10px; width: 400px;"
>
  <div
    class="rn-borderTopWidth-13yce4e rn-borderRightWidth-fnigne rn-borderBottomWidth-ndvcnb rn-borderLeftWidth-gxnn5r rn-boxSizing-deolkf rn-display-1471scf rn-fontStyle-o11vmf rn-fontVariant-ebii48 rn-fontWeight-vw2c0b rn-marginTop-1mnahxq rn-marginRight-61z16t rn-marginBottom-p1pxzi rn-marginLeft-11wrixw rn-maxWidth-dnmrzs rn-overflowX-11yh6sk rn-overflowY-buy8e9 rn-paddingTop-wk8lta rn-paddingRight-9aemit rn-paddingBottom-1mdbw0j rn-paddingLeft-gy4na3 rn-textDecoration-bauka4 rn-textOverflow-1udbk01 rn-whiteSpace-3s2u2q rn-wordWrap-qvutc0"
    dir="auto"
    style="color: rgb(250, 249, 250); font-family: system-ui, -apple-system, BlinkMacSystemFont, 'Segoe UI', Roboto, Ubuntu, 'Helvetica Neue', sans-serif; font-size: 16px; line-height: 1.5;"
  >
    We Gaming &lt;3 
  </div>
  <div
    class="rn-alignItems-1oszu61 rn-borderTopStyle-1efd50x rn-borderRightStyle-14skgim rn-borderBottomStyle-rull8r rn-borderLeftStyle-mm0ijv rn-borderTopWidth-13yce4e rn-borderRightWidth-fnigne rn-borderBottomWidth-ndvcnb rn-borderLeftWidth-gxnn5r rn-boxSizing-deolkf rn-display-6koalj rn-flexShrink-1qe8dj5 rn-flexBasis-1mlwlqe rn-flexDirection-18u37iz rn-marginTop-1mnahxq rn-marginRight-61z16t rn-marginBottom-p1pxzi rn-marginLeft-11wrixw rn-minHeight-ifefl9 rn-minWidth-bcqeeo rn-paddingTop-wk8lta rn-paddingRight-9aemit rn-paddingBottom-1mdbw0j rn-paddingLeft-gy4na3 rn-position-bnwqim rn-zIndex-1lgpqti"
  >
    <div
      class="rn-alignItems-1oszu61 rn-borderTopStyle-1efd50x rn-borderRightStyle-14skgim rn-borderBottomStyle-rull8r rn-borderLeftStyle-mm0ijv rn-borderTopWidth-13yce4e rn-borderRightWidth-fnigne rn-borderBottomWidth-ndvcnb rn-borderLeftWidth-gxnn5r rn-boxSizing-deolkf rn-flexBasis-1mlwlqe rn-flexDirection-eqz5dr rn-marginTop-1mnahxq rn-marginRight-61z16t rn-marginBottom-p1pxzi rn-marginLeft-11wrixw rn-minHeight-ifefl9 rn-minWidth-bcqeeo rn-overflowX-11yh6sk rn-overflowY-buy8e9 rn-paddingTop-wk8lta rn-paddingRight-9aemit rn-paddingBottom-1mdbw0j rn-paddingLeft-gy4na3 rn-position-bnwqim rn-zIndex-1lgpqti"
      data-testid="channel-item-detail-broadcaster"
      style="display: block; height: 38px; width: 38px;"
    >
      <div
        class="rn-alignItems-1oszu61 rn-backgroundColor-1niwhzg rn-backgroundPosition-vvn4in rn-backgroundRepeat-u6sd8q rn-backgroundSize-4gszlv rn-borderTopStyle-1efd50x rn-borderRightStyle-14skgim rn-borderBottomStyle-rull8r rn-borderLeftStyle-mm0ijv rn-borderTopWidth-13yce4e rn-borderRightWidth-fnigne rn-borderBottomWidth-ndvcnb rn-borderLeftWidth-gxnn5r rn-bottom-1p0dtai rn-boxSizing-deolkf rn-display-6koalj rn-flexShrink-1qe8dj5 rn-flexBasis-1mlwlqe rn-flexDirection-eqz5dr rn-height-1pi2tsx rn-left-1d2f490 rn-marginTop-1mnahxq rn-marginRight-61z16t rn-marginBottom-p1pxzi rn-marginLeft-11wrixw rn-minHeight-ifefl9 rn-minWidth-bcqeeo rn-paddingTop-wk8lta rn-paddingRight-9aemit rn-paddingBottom-1mdbw0j rn-paddingLeft-gy4na3 rn-position-u8s1d rn-right-zchlnj rn-top-ipm5af rn-width-13qz1uu rn-zIndex-1wyyakw"
        style="background-image: url(profiles/cef31105-8a6e-4211-a74b-2f0bbd9791fb-profile_image-150x150.png);"
      />
      <img
        alt=""
        class="rn-bottom-1p0dtai rn-height-1pi2tsx rn-left-1d2f490 rn-opacity-1272l3b rn-position-u8s1d rn-right-zchlnj rn-top-ipm5af rn-width-13qz1uu rn-zIndex-1wyyakw"
        draggable="false"
        src="profiles/cef31105-8a6e-4211-a74b-2f0bbd9791fb-profile_image-150x150.png"
      />
    </div>
    <div
      class="rn-alignItems-1oszu61 rn-borderTopStyle-1efd50x rn-borderRightStyle-14skgim rn-borderBottomStyle-rull8r rn-borderLeftStyle-mm0ijv rn-borderTopWidth-13yce4e rn-borderRightWidth-fnigne rn-borderBottomWidth-ndvcnb rn-borderLeftWidth-gxnn5r rn-boxSizing-deolkf rn-display-6koalj rn-flexGrow-16y2uox rn-flexShrink-1wbh5a2 rn-flexBasis-1ro0kt6 rn-flexDirection-eqz5dr rn-marginTop-1mnahxq rn-marginRight-61z16t rn-marginBottom-p1pxzi rn-minHeight-ifefl9 rn-minWidth-bcqeeo rn-paddingTop-wk8lta rn-paddingRight-9aemit rn-paddingBottom-1mdbw0j rn-paddingLeft-gy4na3 rn-position-bnwqim rn-zIndex-1lgpqti"
      style="margin-left: 5px;"
    >
      <div
        class="rn-borderTopWidth-13yce4e rn-borderRightWidth-fnigne rn-borderBottomWidth-ndvcnb rn-borderLeftWidth-gxnn5r rn-boxSizing-deolkf rn-display-1471scf rn-fontStyle-o11vmf rn-fontVariant-ebii48 rn-fontWeight-gul640 rn-marginTop-1mnahxq rn-marginRight-61z16t rn-marginBottom-p1pxzi rn-marginLeft-11wrixw rn-maxWidth-dnmrzs rn-overflowX-11yh6sk rn-overflowY-buy8e9 rn-paddingTop-wk8lta rn-paddingRight-9aemit rn-paddingBottom-1mdbw0j rn-paddingLeft-gy4na3 rn-textDecoration-bauka4 rn-textOverflow-1udbk01 rn-whiteSpace-3s2u2q rn-wordWrap-qvutc0"
        dir="auto"
        style="color: rgb(218, 216, 222); font-family: system-ui, -apple-system, BlinkMacSystemFont, 'Segoe UI', Roboto, Ubuntu, 'Helvetica Neue', sans-serif; font-size: 13px; line-height: 1.5;"
      >
        Ninja
      </div>
      <div
        class="rn-borderTopWidth-13yce4e rn-borderRightWidth-fnigne rn-borderBottomWidth-ndvcnb rn-borderLeftWidth-gxnn5r rn-boxSizing-deolkf rn-display-1471scf rn-fontStyle-o11vmf rn-fontVariant-ebii48 rn-fontWeight-gul640 rn-marginTop-1mnahxq rn-marginRight-61z16t rn-marginBottom-p1pxzi rn-marginLeft-11wrixw rn-maxWidth-dnmrzs rn-overflowX-11yh6sk rn-overflowY-buy8e9 rn-paddingTop-wk8lta rn-paddingRight-9aemit rn-paddingBottom-1mdbw0j rn-paddingLeft-gy4na3 rn-textDecoration-bauka4 rn-textOverflow-1udbk01 rn-whiteSpace-3s2u2q rn-wordWrap-qvutc0"
        dir="auto"
        style="color: rgb(218, 216, 222); font-family: system-ui, -apple-system, BlinkMacSystemFont, 'Segoe UI', Roboto, Ubuntu, 'Helvetica Neue', sans-serif; font-size: 13px; line-height: 1.5;"
      >
         
      </div>
    </div>
  </div>
</div>
`;

exports[`ChannelItemDetail when not hovering with a category renders a channel item detail 1`] = `
<div
  class="rn-alignItems-1oszu61 rn-borderTopStyle-1efd50x rn-borderRightStyle-14skgim rn-borderBottomStyle-rull8r rn-borderLeftStyle-mm0ijv rn-borderTopWidth-13yce4e rn-borderRightWidth-fnigne rn-borderBottomWidth-ndvcnb rn-borderLeftWidth-gxnn5r rn-boxSizing-deolkf rn-display-6koalj rn-flexShrink-1qe8dj5 rn-flexBasis-1mlwlqe rn-flexDirection-eqz5dr rn-marginTop-1mnahxq rn-marginRight-61z16t rn-marginBottom-p1pxzi rn-marginLeft-11wrixw rn-minHeight-ifefl9 rn-minWidth-bcqeeo rn-position-bnwqim rn-zIndex-1lgpqti"
  data-testid="channel-item-detail"
  style="padding: 5px 10px 5px 10px; width: 400px;"
>
  <div
    class="rn-borderTopWidth-13yce4e rn-borderRightWidth-fnigne rn-borderBottomWidth-ndvcnb rn-borderLeftWidth-gxnn5r rn-boxSizing-deolkf rn-display-1471scf rn-fontStyle-o11vmf rn-fontVariant-ebii48 rn-fontWeight-vw2c0b rn-marginTop-1mnahxq rn-marginRight-61z16t rn-marginBottom-p1pxzi rn-marginLeft-11wrixw rn-maxWidth-dnmrzs rn-overflowX-11yh6sk rn-overflowY-buy8e9 rn-paddingTop-wk8lta rn-paddingRight-9aemit rn-paddingBottom-1mdbw0j rn-paddingLeft-gy4na3 rn-textDecoration-bauka4 rn-textOverflow-1udbk01 rn-whiteSpace-3s2u2q rn-wordWrap-qvutc0"
    dir="auto"
    style="color: rgb(25, 23, 28); font-family: system-ui, -apple-system, BlinkMacSystemFont, 'Segoe UI', Roboto, Ubuntu, 'Helvetica Neue', sans-serif; font-size: 16px; line-height: 1.5;"
  >
    We Gaming &lt;3 
  </div>
  <div
    class="rn-alignItems-1oszu61 rn-borderTopStyle-1efd50x rn-borderRightStyle-14skgim rn-borderBottomStyle-rull8r rn-borderLeftStyle-mm0ijv rn-borderTopWidth-13yce4e rn-borderRightWidth-fnigne rn-borderBottomWidth-ndvcnb rn-borderLeftWidth-gxnn5r rn-boxSizing-deolkf rn-display-6koalj rn-flexShrink-1qe8dj5 rn-flexBasis-1mlwlqe rn-flexDirection-18u37iz rn-marginTop-1mnahxq rn-marginRight-61z16t rn-marginBottom-p1pxzi rn-marginLeft-11wrixw rn-minHeight-ifefl9 rn-minWidth-bcqeeo rn-paddingTop-wk8lta rn-paddingRight-9aemit rn-paddingBottom-1mdbw0j rn-paddingLeft-gy4na3 rn-position-bnwqim rn-zIndex-1lgpqti"
  >
    <div
      class="rn-alignItems-1oszu61 rn-borderTopStyle-1efd50x rn-borderRightStyle-14skgim rn-borderBottomStyle-rull8r rn-borderLeftStyle-mm0ijv rn-borderTopWidth-13yce4e rn-borderRightWidth-fnigne rn-borderBottomWidth-ndvcnb rn-borderLeftWidth-gxnn5r rn-boxSizing-deolkf rn-flexBasis-1mlwlqe rn-flexDirection-eqz5dr rn-marginTop-1mnahxq rn-marginRight-61z16t rn-marginBottom-p1pxzi rn-marginLeft-11wrixw rn-minHeight-ifefl9 rn-minWidth-bcqeeo rn-overflowX-11yh6sk rn-overflowY-buy8e9 rn-paddingTop-wk8lta rn-paddingRight-9aemit rn-paddingBottom-1mdbw0j rn-paddingLeft-gy4na3 rn-position-bnwqim rn-zIndex-1lgpqti"
      data-testid="channel-item-detail-broadcaster"
      style="display: block; height: 38px; width: 38px;"
    >
      <div
        class="rn-alignItems-1oszu61 rn-backgroundColor-1niwhzg rn-backgroundPosition-vvn4in rn-backgroundRepeat-u6sd8q rn-backgroundSize-4gszlv rn-borderTopStyle-1efd50x rn-borderRightStyle-14skgim rn-borderBottomStyle-rull8r rn-borderLeftStyle-mm0ijv rn-borderTopWidth-13yce4e rn-borderRightWidth-fnigne rn-borderBottomWidth-ndvcnb rn-borderLeftWidth-gxnn5r rn-bottom-1p0dtai rn-boxSizing-deolkf rn-display-6koalj rn-flexShrink-1qe8dj5 rn-flexBasis-1mlwlqe rn-flexDirection-eqz5dr rn-height-1pi2tsx rn-left-1d2f490 rn-marginTop-1mnahxq rn-marginRight-61z16t rn-marginBottom-p1pxzi rn-marginLeft-11wrixw rn-minHeight-ifefl9 rn-minWidth-bcqeeo rn-paddingTop-wk8lta rn-paddingRight-9aemit rn-paddingBottom-1mdbw0j rn-paddingLeft-gy4na3 rn-position-u8s1d rn-right-zchlnj rn-top-ipm5af rn-width-13qz1uu rn-zIndex-1wyyakw"
        style="background-image: url(profiles/cef31105-8a6e-4211-a74b-2f0bbd9791fb-profile_image-150x150.png);"
      />
      <img
        alt=""
        class="rn-bottom-1p0dtai rn-height-1pi2tsx rn-left-1d2f490 rn-opacity-1272l3b rn-position-u8s1d rn-right-zchlnj rn-top-ipm5af rn-width-13qz1uu rn-zIndex-1wyyakw"
        draggable="false"
        src="profiles/cef31105-8a6e-4211-a74b-2f0bbd9791fb-profile_image-150x150.png"
      />
    </div>
    <div
      class="rn-alignItems-1oszu61 rn-borderTopStyle-1efd50x rn-borderRightStyle-14skgim rn-borderBottomStyle-rull8r rn-borderLeftStyle-mm0ijv rn-borderTopWidth-13yce4e rn-borderRightWidth-fnigne rn-borderBottomWidth-ndvcnb rn-borderLeftWidth-gxnn5r rn-boxSizing-deolkf rn-display-6koalj rn-flexGrow-16y2uox rn-flexShrink-1wbh5a2 rn-flexBasis-1ro0kt6 rn-flexDirection-eqz5dr rn-marginTop-1mnahxq rn-marginRight-61z16t rn-marginBottom-p1pxzi rn-minHeight-ifefl9 rn-minWidth-bcqeeo rn-paddingTop-wk8lta rn-paddingRight-9aemit rn-paddingBottom-1mdbw0j rn-paddingLeft-gy4na3 rn-position-bnwqim rn-zIndex-1lgpqti"
      style="margin-left: 5px;"
    >
      <div
        class="rn-borderTopWidth-13yce4e rn-borderRightWidth-fnigne rn-borderBottomWidth-ndvcnb rn-borderLeftWidth-gxnn5r rn-boxSizing-deolkf rn-display-1471scf rn-fontStyle-o11vmf rn-fontVariant-ebii48 rn-fontWeight-gul640 rn-marginTop-1mnahxq rn-marginRight-61z16t rn-marginBottom-p1pxzi rn-marginLeft-11wrixw rn-maxWidth-dnmrzs rn-overflowX-11yh6sk rn-overflowY-buy8e9 rn-paddingTop-wk8lta rn-paddingRight-9aemit rn-paddingBottom-1mdbw0j rn-paddingLeft-gy4na3 rn-textDecoration-bauka4 rn-textOverflow-1udbk01 rn-whiteSpace-3s2u2q rn-wordWrap-qvutc0"
        dir="auto"
        style="color: rgb(50, 47, 55); font-family: system-ui, -apple-system, BlinkMacSystemFont, 'Segoe UI', Roboto, Ubuntu, 'Helvetica Neue', sans-serif; font-size: 13px; line-height: 1.5;"
      >
        Ninja
      </div>
      <div
        class="rn-borderTopWidth-13yce4e rn-borderRightWidth-fnigne rn-borderBottomWidth-ndvcnb rn-borderLeftWidth-gxnn5r rn-boxSizing-deolkf rn-display-1471scf rn-fontStyle-o11vmf rn-fontVariant-ebii48 rn-fontWeight-gul640 rn-marginTop-1mnahxq rn-marginRight-61z16t rn-marginBottom-p1pxzi rn-marginLeft-11wrixw rn-maxWidth-dnmrzs rn-overflowX-11yh6sk rn-overflowY-buy8e9 rn-paddingTop-wk8lta rn-paddingRight-9aemit rn-paddingBottom-1mdbw0j rn-paddingLeft-gy4na3 rn-textDecoration-bauka4 rn-textOverflow-1udbk01 rn-whiteSpace-3s2u2q rn-wordWrap-qvutc0"
        dir="auto"
        style="color: rgb(50, 47, 55); font-family: system-ui, -apple-system, BlinkMacSystemFont, 'Segoe UI', Roboto, Ubuntu, 'Helvetica Neue', sans-serif; font-size: 13px; line-height: 1.5;"
      >
        Fortnite
      </div>
    </div>
  </div>
</div>
`;

exports[`ChannelItemDetail when not hovering without a category renders a channel item detail 1`] = `
<div
  class="rn-alignItems-1oszu61 rn-borderTopStyle-1efd50x rn-borderRightStyle-14skgim rn-borderBottomStyle-rull8r rn-borderLeftStyle-mm0ijv rn-borderTopWidth-13yce4e rn-borderRightWidth-fnigne rn-borderBottomWidth-ndvcnb rn-borderLeftWidth-gxnn5r rn-boxSizing-deolkf rn-display-6koalj rn-flexShrink-1qe8dj5 rn-flexBasis-1mlwlqe rn-flexDirection-eqz5dr rn-marginTop-1mnahxq rn-marginRight-61z16t rn-marginBottom-p1pxzi rn-marginLeft-11wrixw rn-minHeight-ifefl9 rn-minWidth-bcqeeo rn-position-bnwqim rn-zIndex-1lgpqti"
  data-testid="channel-item-detail"
  style="padding: 5px 10px 5px 10px; width: 400px;"
>
  <div
    class="rn-borderTopWidth-13yce4e rn-borderRightWidth-fnigne rn-borderBottomWidth-ndvcnb rn-borderLeftWidth-gxnn5r rn-boxSizing-deolkf rn-display-1471scf rn-fontStyle-o11vmf rn-fontVariant-ebii48 rn-fontWeight-vw2c0b rn-marginTop-1mnahxq rn-marginRight-61z16t rn-marginBottom-p1pxzi rn-marginLeft-11wrixw rn-maxWidth-dnmrzs rn-overflowX-11yh6sk rn-overflowY-buy8e9 rn-paddingTop-wk8lta rn-paddingRight-9aemit rn-paddingBottom-1mdbw0j rn-paddingLeft-gy4na3 rn-textDecoration-bauka4 rn-textOverflow-1udbk01 rn-whiteSpace-3s2u2q rn-wordWrap-qvutc0"
    dir="auto"
    style="color: rgb(25, 23, 28); font-family: system-ui, -apple-system, BlinkMacSystemFont, 'Segoe UI', Roboto, Ubuntu, 'Helvetica Neue', sans-serif; font-size: 16px; line-height: 1.5;"
  >
    We Gaming &lt;3 
  </div>
  <div
    class="rn-alignItems-1oszu61 rn-borderTopStyle-1efd50x rn-borderRightStyle-14skgim rn-borderBottomStyle-rull8r rn-borderLeftStyle-mm0ijv rn-borderTopWidth-13yce4e rn-borderRightWidth-fnigne rn-borderBottomWidth-ndvcnb rn-borderLeftWidth-gxnn5r rn-boxSizing-deolkf rn-display-6koalj rn-flexShrink-1qe8dj5 rn-flexBasis-1mlwlqe rn-flexDirection-18u37iz rn-marginTop-1mnahxq rn-marginRight-61z16t rn-marginBottom-p1pxzi rn-marginLeft-11wrixw rn-minHeight-ifefl9 rn-minWidth-bcqeeo rn-paddingTop-wk8lta rn-paddingRight-9aemit rn-paddingBottom-1mdbw0j rn-paddingLeft-gy4na3 rn-position-bnwqim rn-zIndex-1lgpqti"
  >
    <div
      class="rn-alignItems-1oszu61 rn-borderTopStyle-1efd50x rn-borderRightStyle-14skgim rn-borderBottomStyle-rull8r rn-borderLeftStyle-mm0ijv rn-borderTopWidth-13yce4e rn-borderRightWidth-fnigne rn-borderBottomWidth-ndvcnb rn-borderLeftWidth-gxnn5r rn-boxSizing-deolkf rn-flexBasis-1mlwlqe rn-flexDirection-eqz5dr rn-marginTop-1mnahxq rn-marginRight-61z16t rn-marginBottom-p1pxzi rn-marginLeft-11wrixw rn-minHeight-ifefl9 rn-minWidth-bcqeeo rn-overflowX-11yh6sk rn-overflowY-buy8e9 rn-paddingTop-wk8lta rn-paddingRight-9aemit rn-paddingBottom-1mdbw0j rn-paddingLeft-gy4na3 rn-position-bnwqim rn-zIndex-1lgpqti"
      data-testid="channel-item-detail-broadcaster"
      style="display: block; height: 38px; width: 38px;"
    >
      <div
        class="rn-alignItems-1oszu61 rn-backgroundColor-1niwhzg rn-backgroundPosition-vvn4in rn-backgroundRepeat-u6sd8q rn-backgroundSize-4gszlv rn-borderTopStyle-1efd50x rn-borderRightStyle-14skgim rn-borderBottomStyle-rull8r rn-borderLeftStyle-mm0ijv rn-borderTopWidth-13yce4e rn-borderRightWidth-fnigne rn-borderBottomWidth-ndvcnb rn-borderLeftWidth-gxnn5r rn-bottom-1p0dtai rn-boxSizing-deolkf rn-display-6koalj rn-flexShrink-1qe8dj5 rn-flexBasis-1mlwlqe rn-flexDirection-eqz5dr rn-height-1pi2tsx rn-left-1d2f490 rn-marginTop-1mnahxq rn-marginRight-61z16t rn-marginBottom-p1pxzi rn-marginLeft-11wrixw rn-minHeight-ifefl9 rn-minWidth-bcqeeo rn-paddingTop-wk8lta rn-paddingRight-9aemit rn-paddingBottom-1mdbw0j rn-paddingLeft-gy4na3 rn-position-u8s1d rn-right-zchlnj rn-top-ipm5af rn-width-13qz1uu rn-zIndex-1wyyakw"
        style="background-image: url(profiles/cef31105-8a6e-4211-a74b-2f0bbd9791fb-profile_image-150x150.png);"
      />
      <img
        alt=""
        class="rn-bottom-1p0dtai rn-height-1pi2tsx rn-left-1d2f490 rn-opacity-1272l3b rn-position-u8s1d rn-right-zchlnj rn-top-ipm5af rn-width-13qz1uu rn-zIndex-1wyyakw"
        draggable="false"
        src="profiles/cef31105-8a6e-4211-a74b-2f0bbd9791fb-profile_image-150x150.png"
      />
    </div>
    <div
      class="rn-alignItems-1oszu61 rn-borderTopStyle-1efd50x rn-borderRightStyle-14skgim rn-borderBottomStyle-rull8r rn-borderLeftStyle-mm0ijv rn-borderTopWidth-13yce4e rn-borderRightWidth-fnigne rn-borderBottomWidth-ndvcnb rn-borderLeftWidth-gxnn5r rn-boxSizing-deolkf rn-display-6koalj rn-flexGrow-16y2uox rn-flexShrink-1wbh5a2 rn-flexBasis-1ro0kt6 rn-flexDirection-eqz5dr rn-marginTop-1mnahxq rn-marginRight-61z16t rn-marginBottom-p1pxzi rn-minHeight-ifefl9 rn-minWidth-bcqeeo rn-paddingTop-wk8lta rn-paddingRight-9aemit rn-paddingBottom-1mdbw0j rn-paddingLeft-gy4na3 rn-position-bnwqim rn-zIndex-1lgpqti"
      style="margin-left: 5px;"
    >
      <div
        class="rn-borderTopWidth-13yce4e rn-borderRightWidth-fnigne rn-borderBottomWidth-ndvcnb rn-borderLeftWidth-gxnn5r rn-boxSizing-deolkf rn-display-1471scf rn-fontStyle-o11vmf rn-fontVariant-ebii48 rn-fontWeight-gul640 rn-marginTop-1mnahxq rn-marginRight-61z16t rn-marginBottom-p1pxzi rn-marginLeft-11wrixw rn-maxWidth-dnmrzs rn-overflowX-11yh6sk rn-overflowY-buy8e9 rn-paddingTop-wk8lta rn-paddingRight-9aemit rn-paddingBottom-1mdbw0j rn-paddingLeft-gy4na3 rn-textDecoration-bauka4 rn-textOverflow-1udbk01 rn-whiteSpace-3s2u2q rn-wordWrap-qvutc0"
        dir="auto"
        style="color: rgb(50, 47, 55); font-family: system-ui, -apple-system, BlinkMacSystemFont, 'Segoe UI', Roboto, Ubuntu, 'Helvetica Neue', sans-serif; font-size: 13px; line-height: 1.5;"
      >
        Ninja
      </div>
      <div
        class="rn-borderTopWidth-13yce4e rn-borderRightWidth-fnigne rn-borderBottomWidth-ndvcnb rn-borderLeftWidth-gxnn5r rn-boxSizing-deolkf rn-display-1471scf rn-fontStyle-o11vmf rn-fontVariant-ebii48 rn-fontWeight-gul640 rn-marginTop-1mnahxq rn-marginRight-61z16t rn-marginBottom-p1pxzi rn-marginLeft-11wrixw rn-maxWidth-dnmrzs rn-overflowX-11yh6sk rn-overflowY-buy8e9 rn-paddingTop-wk8lta rn-paddingRight-9aemit rn-paddingBottom-1mdbw0j rn-paddingLeft-gy4na3 rn-textDecoration-bauka4 rn-textOverflow-1udbk01 rn-whiteSpace-3s2u2q rn-wordWrap-qvutc0"
        dir="auto"
        style="color: rgb(50, 47, 55); font-family: system-ui, -apple-system, BlinkMacSystemFont, 'Segoe UI', Roboto, Ubuntu, 'Helvetica Neue', sans-serif; font-size: 13px; line-height: 1.5;"
      >
         
      </div>
    </div>
  </div>
</div>
`;
