// Jest Snapshot v1, https://goo.gl/fbAQLP

exports[`OverridesContext with overrides renders with those overrides 1`] = `
<DocumentFragment>
  <div
    class="rn-borderTopWidth-13yce4e rn-borderRightWidth-fnigne rn-borderBottomWidth-ndvcnb rn-borderLeftWidth-gxnn5r rn-boxSizing-deolkf rn-color-homxoj rn-display-1471scf rn-fontFamily-14xgk7a rn-fontSize-1b43r93 rn-fontStyle-o11vmf rn-fontVariant-ebii48 rn-fontWeight-gul640 rn-lineHeight-t9a87b rn-marginTop-1mnahxq rn-marginRight-61z16t rn-marginBottom-p1pxzi rn-marginLeft-11wrixw rn-paddingTop-wk8lta rn-paddingRight-9aemit rn-paddingBottom-1mdbw0j rn-paddingLeft-gy4na3 rn-textDecoration-bauka4 rn-whiteSpace-q42fyq rn-wordWrap-qvutc0"
    dir="auto"
  >
    https://www.twitch.tv/
  </div>
</DocumentFragment>
`;

exports[`OverridesContext without overrides renders with the default components 1`] = `<DocumentFragment />`;
